******************************************************************************
             TMS320C2000 Linker PC v20.2.1                     
******************************************************************************
>> Linked Mon Nov 16 10:55:28 2020

OUTPUT FILE NAME:   <emote-controller_driverlib.out>
ENTRY POINT SYMBOL: "code_start"  address: 00000000


MEMORY CONFIGURATION

         name            origin    length      used     unused   attr    fill
----------------------  --------  ---------  --------  --------  ----  --------
PAGE 0:
  BEGIN                 00000000   00000002  00000002  00000000  RWIX
  RAMM0                 00000123   000002dd  00000024  000002b9  RWIX
  RAMLS0                00008000   00000800  00000800  00000000  RWIX
  RAMLS1                00008800   00000800  000002a1  0000055f  RWIX
  RAMLS2                00009000   00000800  00000000  00000800  RWIX
  RAMLS3                00009800   00000800  00000000  00000800  RWIX
  RAMLS4                0000a000   00000800  00000000  00000800  RWIX
  RAMD0                 0000b000   00000800  00000800  00000000  RWIX
  RESET                 003fffc0   00000002  00000000  00000002  RWIX

PAGE 1:
  BOOT_RSVD             00000002   00000121  00000000  00000121  RWIX
  RAMM1                 00000400   000003f8  00000100  000002f8  RWIX
  RAMLS5                0000a800   00000800  0000031d  000004e3  RWIX
  RAMD1                 0000b800   00000800  00000000  00000800  RWIX
  RAMGS0                0000c000   00001000  00000000  00001000  RWIX
  RAMGS1                0000d000   00001000  00000000  00001000  RWIX
  RAMGS2                0000e000   00001000  00000000  00001000  RWIX
  RAMGS3                0000f000   00001000  00000000  00001000  RWIX
  RAMGS4                00010000   00001000  00000000  00001000  RWIX
  RAMGS5                00011000   00001000  00000000  00001000  RWIX
  RAMGS6                00012000   00001000  00000000  00001000  RWIX
  RAMGS7                00013000   00001000  00000000  00001000  RWIX
  RAMGS8                00014000   00001000  00000000  00001000  RWIX
  RAMGS9                00015000   00001000  00000000  00001000  RWIX
  RAMGS10               00016000   00001000  00000000  00001000  RWIX
  RAMGS11               00017000   00001000  00000000  00001000  RWIX
  RAMGS12               00018000   00001000  00000000  00001000  RWIX
  RAMGS13               00019000   00001000  00000000  00001000  RWIX
  RAMGS14               0001a000   00001000  00000000  00001000  RWIX
  RAMGS15               0001b000   00000ff8  00000000  00000ff8  RWIX
  CPU2TOCPU1RAM         0003f800   00000400  00000000  00000400  RWIX
  CPU1TOCPU2RAM         0003fc00   00000400  00000000  00000400  RWIX
  CANA_MSG_RAM          00049000   00000800  00000000  00000800  RWIX
  CANB_MSG_RAM          0004b000   00000800  00000000  00000800  RWIX


SECTION ALLOCATION MAP

 output                                  attributes/
section   page    origin      length       input sections
--------  ----  ----------  ----------   ----------------
codestart 
*          0    00000000    00000002     
                  00000000    00000002     F2837xD_CodeStartBranch.obj (codestart)

.cinit     0    00000128    00000020     
                  00000128    00000016     (.cinit..data.load) [load image, compression = lzss]
                  0000013e    00000004     (__TI_handler_table)
                  00000142    00000002     --HOLE-- [fill = 0]
                  00000144    00000004     (__TI_cinit_table)

.reset     0    003fffc0    00000000     DSECT

.stack     1    00000400    00000100     UNINITIALIZED
                  00000400    00000100     --HOLE--

.init_array 
*          0    00000123    00000000     UNINITIALIZED

.const     1    0000a800    000002fd     
                  0000a800    000000ef     driverlib_eabi.lib : epwm.obj (.const:.string)
                  0000a8ef    00000001     --HOLE-- [fill = 0]
                  0000a8f0    000000ef                        : gpio.obj (.const:.string)
                  0000a9df    00000001     --HOLE-- [fill = 0]
                  0000a9e0    0000008f     main.obj (.const:.string)
                  0000aa6f    00000001     --HOLE-- [fill = 0]
                  0000aa70    00000079     driverlib_eabi.lib : sysctl.obj (.const:.string)
                  0000aae9    00000001     --HOLE-- [fill = 0]
                  0000aaea    00000013     device.obj (.const:.string)

.data      1    0000aafe    00000020     UNINITIALIZED
                  0000aafe    00000002     rts2800_fpu32_eabi.lib : _lock.c.obj (.data:_lock)
                  0000ab00    00000010     main.obj (.data)
                  0000ab10    00000006     device.obj (.data)
                  0000ab16    00000006     rts2800_fpu32_eabi.lib : exit.c.obj (.data)
                  0000ab1c    00000002                            : _lock.c.obj (.data:_unlock)

.TI.ramfunc 
*          0    00000123    00000004     
                  00000123    00000004     driverlib_eabi.lib : sysctl.obj (.TI.ramfunc)

GETBUFFER 
*          0    0003f800    00000000     DSECT

GETWRITEIDX 
*          0    0003f800    00000000     DSECT

PUTREADIDX 
*          0    0003f800    00000000     DSECT

.text.1    0    00008000    00000800     
                  00008000    0000021f     driverlib_eabi.lib : sysctl.obj (.text:SysCtl_setClock)
                  0000821f    00000213                        : epwm.obj (.text:EPWM_configureSignal)
                  00008432    00000088     rts2800_fpu32_eabi.lib : fs_div28.asm.obj (.text)
                  000084ba    00000082     board.obj (.text)
                  0000853c    00000068     driverlib_eabi.lib : sysctl.obj (.text:SysCtl_getDeviceParametric)
                  000085a4    0000005e                        : sysctl.obj (.text:SysCtl_selectOscSource)
                  00008602    00000052                        : gpio.obj (.text:GPIO_setPadConfig)
                  00008654    00000051                        : sysctl.obj (.text:SysCtl_getClock)
                  000086a5    00000047                        : epwm.obj (.text:EPWM_isBaseValid)
                  000086ec    00000043                        : epwm.obj (.text:EPWM_setActionQualifierAction)
                  0000872f    0000003f                        : epwm.obj (.text:EPWM_setCounterCompareShadowLoadMode)
                  0000876e    0000003d                        : interrupt.obj (.text:Interrupt_initModule)
                  000087ab    00000038                        : gpio.obj (.text:GPIO_setQualificationMode)
                  000087e3    0000001d                        : epwm.obj (.text:EPWM_setClockPrescaler)

.text.2    0    00008800    000002a1     
                  00008800    00000037     driverlib_eabi.lib : gpio.obj (.text:GPIO_setPinConfig)
                  00008837    00000034                        : interrupt.obj (.text:Interrupt_enable)
                  0000886b    00000031                        : gpio.obj (.text:GPIO_setDirectionMode)
                  0000889c    00000031     rts2800_fpu32_eabi.lib : copy_decompress_lzss.c.obj (.text:decompress:lzss)
                  000088cd    0000002b                            : autoinit.c.obj (.text:__TI_auto_init_nobinit_nopinit)
                  000088f8    00000029                            : exit.c.obj (.text)
                  00008921    00000024     driverlib_eabi.lib : epwm.obj (.text:EPWM_setCounterCompareValue)
                  00008945    00000020                        : interrupt.obj (.text:Interrupt_initVectorTable)
                  00008965    0000001f                        : epwm.obj (.text:EPWM_setPhaseShift)
                  00008984    0000001d     rts2800_fpu32_eabi.lib : memcpy.c.obj (.text)
                  000089a1    0000001a     driverlib_eabi.lib : sysctl.obj (.text:SysCtl_getLowSpeedClock)
                  000089bb    00000017     rts2800_fpu32_eabi.lib : boot28.asm.obj (.text)
                  000089d2    00000015     driverlib_eabi.lib : epwm.obj (.text:EPWM_setTimeBaseCounterMode)
                  000089e7    00000015                        : epwm.obj (.text:EPWM_setTimeBasePeriod)
                  000089fc    00000013                        : epwm.obj (.text:EPWM_setTimeBaseCounter)
                  00008a0f    00000012                        : epwm.obj (.text:EPWM_disablePhaseShiftLoad)
                  00008a21    0000000e                        : gpio.obj (.text:GPIO_isPinValid)
                  00008a2f    0000000e                        : interrupt.obj (.text:Interrupt_defaultHandler)
                  00008a3d    0000000d                        : interrupt.obj (.text:Interrupt_disableMaster)
                  00008a4a    0000000d                        : interrupt.obj (.text:Interrupt_enableMaster)
                  00008a57    0000000c                        : epwm.obj (.text:SysCtl_setEPWMClockDivider)
                  00008a63    0000000c     rts2800_fpu32_eabi.lib : args_main.c.obj (.text)
                  00008a6f    0000000b     driverlib_eabi.lib : sysctl.obj (.text:SysCtl_isMCDClockFailureDetected)
                  00008a7a    00000009                        : sysctl.obj (.text:SysCtl_serviceWatchdog)
                  00008a83    00000009     rts2800_fpu32_eabi.lib : _lock.c.obj (.text)
                  00008a8c    00000008     F2837xD_CodeStartBranch.obj (.text)
                  00008a94    00000008     rts2800_fpu32_eabi.lib : copy_decompress_none.c.obj (.text:decompress:none)
                  00008a9c    00000002     driverlib_eabi.lib : interrupt.obj (.text:Interrupt_nmiHandler)
                  00008a9e    00000002     rts2800_fpu32_eabi.lib : pre_init.c.obj (.text)
                  00008aa0    00000001                            : startup.c.obj (.text)

.text.3    0    0000b000    00000800     
                  0000b000    00000407     device.obj (.text)
                  0000b407    000003bf     main.obj (.text)
                  0000b7c6    00000038     driverlib_eabi.lib : gpio.obj (.text:GPIO_setMasterCore)
                  0000b7fe    00000002                        : interrupt.obj (.text:Interrupt_illegalOperationHandler)

MODULE SUMMARY

       Module                        code   ro data   rw data
       ------                        ----   -------   -------
    .\
       main.obj                      959    143       16     
       board.obj                     130    0         0      
    +--+-----------------------------+------+---------+---------+
       Total:                        1089   143       16     
                                                             
    .\device\
       device.obj                    1031   19        6      
       F2837xD_CodeStartBranch.obj   10     0         0      
    +--+-----------------------------+------+---------+---------+
       Total:                        1041   19        6      
                                                             
    C:\ti\C2000Ware_3_03_00_00_Software\driverlib\f2837xd\driverlib\ccs\Debug\driverlib_eabi.lib
       epwm.obj                      919    239       0      
       sysctl.obj                    872    121       0      
       gpio.obj                      312    239       0      
       interrupt.obj                 189    0         0      
    +--+-----------------------------+------+---------+---------+
       Total:                        2292   599       0      
                                                             
    C:\ti\ccs1011\ccs\tools\compiler\ti-cgt-c2000_20.2.1.LTS\lib\rts2800_fpu32_eabi.lib
       fs_div28.asm.obj              136    0         0      
       copy_decompress_lzss.c.obj    49     0         0      
       exit.c.obj                    41     0         6      
       autoinit.c.obj                43     0         0      
       memcpy.c.obj                  29     0         0      
       boot28.asm.obj                23     0         0      
       _lock.c.obj                   9      0         4      
       args_main.c.obj               12     0         0      
       copy_decompress_none.c.obj    8      0         0      
       pre_init.c.obj                2      0         0      
       startup.c.obj                 1      0         0      
    +--+-----------------------------+------+---------+---------+
       Total:                        353    0         10     
                                                             
       Stack:                        0      0         256    
       Linker Generated:             0      30        0      
    +--+-----------------------------+------+---------+---------+
       Grand Total:                  4775   791       288    


LINKER GENERATED COPY TABLES

__TI_cinit_table @ 00000144 records: 1, size/record: 4, table size: 4
	.data: load addr=00000128, load size=00000016 bytes, run addr=0000aafe, run size=00000020 bytes, compression=lzss


LINKER GENERATED HANDLER TABLE

__TI_handler_table @ 0000013e records: 2, size/record: 2, table size: 4
	index: 0, handler: __TI_decompress_lzss
	index: 1, handler: __TI_decompress_none


GLOBAL DATA SYMBOLS: SORTED BY DATA PAGE

address     data page           name
--------    ----------------    ----
00000400      10 (00000400)     __stack

0000aafe     2ab (0000aac0)     _lock

0000ab02     2ac (0000ab00)     pwmSignal
0000ab10     2ac (0000ab00)     Example_Result
0000ab12     2ac (0000ab00)     Example_PassCount
0000ab14     2ac (0000ab00)     Example_Fail
0000ab16     2ac (0000ab00)     __TI_enable_exit_profile_output
0000ab18     2ac (0000ab00)     __TI_cleanup_ptr
0000ab1a     2ac (0000ab00)     __TI_dtors_ptr
0000ab1c     2ac (0000ab00)     _unlock


GLOBAL SYMBOLS: SORTED ALPHABETICALLY BY Name 

page  address   name                                     
----  -------   ----                                     
0     000084ba  Board_init                               
0     000088f8  C$$EXIT                                  
0     0000b27b  Device_bootCPU2                          
0     0000b24a  Device_configureTMXAnalogTrim            
0     0000b0ee  Device_enableAllPeripherals              
0     0000b234  Device_enableUnbondedGPIOPullups         
0     0000b211  Device_enableUnbondedGPIOPullupsFor100Pin
0     0000b1fa  Device_enableUnbondedGPIOPullupsFor176Pin
0     0000b0ac  Device_init                              
0     0000b1d9  Device_initGPIO                          
0     0000821f  EPWM_configureSignal                     
1     0000ab14  Example_Fail                             
1     0000ab12  Example_PassCount                        
1     0000ab10  Example_Result                           
0     0000b406  Example_done                             
0     0000b401  Example_setResultFail                    
0     0000b3fc  Example_setResultPass                    
0     000084ec  GPIO_init                                
0     0000886b  GPIO_setDirectionMode                    
0     0000b7c6  GPIO_setMasterCore                       
0     00008602  GPIO_setPadConfig                        
0     00008800  GPIO_setPinConfig                        
0     000087ab  GPIO_setQualificationMode                
0     00008837  Interrupt_enable                         
0     0000876e  Interrupt_initModule                     
0     00008945  Interrupt_initVectorTable                
0     000084c1  PinMux_init                              
0     00000123  SysCtl_delay                             
0     00008654  SysCtl_getClock                          
0     0000853c  SysCtl_getDeviceParametric               
0     000089a1  SysCtl_getLowSpeedClock                  
0     000085a4  SysCtl_selectOscSource                   
0     00008000  SysCtl_setClock                          
0     00000144  __TI_CINIT_Base                          
0     00000148  __TI_CINIT_Limit                         
0     0000013e  __TI_Handler_Table_Base                  
0     00000142  __TI_Handler_Table_Limit                 
1     00000500  __TI_STACK_END                           
abs   00000100  __TI_STACK_SIZE                          
0     000088cd  __TI_auto_init_nobinit_nopinit           
1     0000ab18  __TI_cleanup_ptr                         
0     0000889c  __TI_decompress_lzss                     
0     00008a94  __TI_decompress_none                     
1     0000ab1a  __TI_dtors_ptr                           
1     0000ab16  __TI_enable_exit_profile_output          
abs   ffffffff  __TI_pprof_out_hndl                      
abs   ffffffff  __TI_prof_data_size                      
abs   ffffffff  __TI_prof_data_start                     
0     00008432  __c28xabi_divf                           
n/a   UNDEFED   __c_args__                               
0     0000b3f5  __error__                                
1     00000400  __stack                                  
0     00008a63  _args_main                               
0     000089bb  _c_int00                                 
1     0000aafe  _lock                                    
0     00008a8b  _nop                                     
0     00008a87  _register_lock                           
0     00008a83  _register_unlock                         
0     00008aa0  _system_post_cinit                       
0     00008a9e  _system_pre_init                         
1     0000ab1c  _unlock                                  
0     000088f8  abort                                    
0     00000000  code_start                               
0     0000b5b3  configurePhase                           
0     000088fa  exit                                     
0     0000b551  main                                     
0     00008984  memcpy                                   
1     0000ab02  pwmSignal                                
0     0000b5eb  switch_state_machine                     


GLOBAL SYMBOLS: SORTED BY Symbol Address 

page  address   name                                     
----  -------   ----                                     
0     00000000  code_start                               
0     00000123  SysCtl_delay                             
0     0000013e  __TI_Handler_Table_Base                  
0     00000142  __TI_Handler_Table_Limit                 
0     00000144  __TI_CINIT_Base                          
0     00000148  __TI_CINIT_Limit                         
0     00008000  SysCtl_setClock                          
0     0000821f  EPWM_configureSignal                     
0     00008432  __c28xabi_divf                           
0     000084ba  Board_init                               
0     000084c1  PinMux_init                              
0     000084ec  GPIO_init                                
0     0000853c  SysCtl_getDeviceParametric               
0     000085a4  SysCtl_selectOscSource                   
0     00008602  GPIO_setPadConfig                        
0     00008654  SysCtl_getClock                          
0     0000876e  Interrupt_initModule                     
0     000087ab  GPIO_setQualificationMode                
0     00008800  GPIO_setPinConfig                        
0     00008837  Interrupt_enable                         
0     0000886b  GPIO_setDirectionMode                    
0     0000889c  __TI_decompress_lzss                     
0     000088cd  __TI_auto_init_nobinit_nopinit           
0     000088f8  C$$EXIT                                  
0     000088f8  abort                                    
0     000088fa  exit                                     
0     00008945  Interrupt_initVectorTable                
0     00008984  memcpy                                   
0     000089a1  SysCtl_getLowSpeedClock                  
0     000089bb  _c_int00                                 
0     00008a63  _args_main                               
0     00008a83  _register_unlock                         
0     00008a87  _register_lock                           
0     00008a8b  _nop                                     
0     00008a94  __TI_decompress_none                     
0     00008a9e  _system_pre_init                         
0     00008aa0  _system_post_cinit                       
0     0000b0ac  Device_init                              
0     0000b0ee  Device_enableAllPeripherals              
0     0000b1d9  Device_initGPIO                          
0     0000b1fa  Device_enableUnbondedGPIOPullupsFor176Pin
0     0000b211  Device_enableUnbondedGPIOPullupsFor100Pin
0     0000b234  Device_enableUnbondedGPIOPullups         
0     0000b24a  Device_configureTMXAnalogTrim            
0     0000b27b  Device_bootCPU2                          
0     0000b3f5  __error__                                
0     0000b3fc  Example_setResultPass                    
0     0000b401  Example_setResultFail                    
0     0000b406  Example_done                             
0     0000b551  main                                     
0     0000b5b3  configurePhase                           
0     0000b5eb  switch_state_machine                     
0     0000b7c6  GPIO_setMasterCore                       
1     00000400  __stack                                  
1     00000500  __TI_STACK_END                           
1     0000aafe  _lock                                    
1     0000ab02  pwmSignal                                
1     0000ab10  Example_Result                           
1     0000ab12  Example_PassCount                        
1     0000ab14  Example_Fail                             
1     0000ab16  __TI_enable_exit_profile_output          
1     0000ab18  __TI_cleanup_ptr                         
1     0000ab1a  __TI_dtors_ptr                           
1     0000ab1c  _unlock                                  
abs   00000100  __TI_STACK_SIZE                          
abs   ffffffff  __TI_pprof_out_hndl                      
abs   ffffffff  __TI_prof_data_size                      
abs   ffffffff  __TI_prof_data_start                     
n/a   UNDEFED   __c_args__                               

[69 symbols]
